
USAGE: 

   gtp  [-override-version <VERSION>] [-model <FILE>] [-override-config
        <KEYVALUEPAIRS>] [-config <FILE>] [--] [-version] [-h]


Where: 

   -override-version <VERSION>
     Force KataGo to say a certain value in response to gtp version command

   -model <FILE>
     Neural net model file. Defaults to: ~/.katago/default_model.bin.gz

   -override-config <KEYVALUEPAIRS>
     Override config parameters. Format: "key=value, key=value,..."

   -config <FILE>
     Config file to use (see gtp_example.cfg or configs/gtp_example.cfg).
     Defaults to: ~/.katago/default_gtp.cfg

   --,  -ignore_rest
     Ignores the rest of the labeled arguments following this flag.

   -version
     Displays version information and exits.

   -h,  -help
     Displays usage information and exits.


   Run GTP engine

